[2026-09-20T07:14:37.967+0000] {dagbag.py:540} INFO - Filling up the DagBag from /opt/airflow/dags
[2026-09-20T07:14:38.727+0000] {dag.py:4080} INFO - dagrun id: wdbc_pipeline
[2026-09-20T07:14:38.741+0000] {dag.py:4096} INFO - created dagrun <DagRun wdbc_pipeline @ 2026-08-25 00:00:00+00:00: manual__2026-08-25T00:00:00+00:00, state:running, queued_at: None. externally triggered: False>
[2026-09-20T07:14:38.773+0000] {dag.py:4042} INFO - [DAG TEST] starting task_id=ingest map_index=-1
[2026-09-20T07:14:38.774+0000] {dag.py:4045} INFO - [DAG TEST] running task <TaskInstance: wdbc_pipeline.ingest manual__2026-08-25T00:00:00+00:00 [scheduled]>
[2026-09-20 07:14:38,884] {taskinstance.py:2513} INFO - Exporting env vars: AIRFLOW_CTX_DAG_OWNER='airflow' AIRFLOW_CTX_DAG_ID='wdbc_pipeline' AIRFLOW_CTX_TASK_ID='ingest' AIRFLOW_CTX_EXECUTION_DATE='2026-08-25T00:00:00+00:00' AIRFLOW_CTX_TRY_NUMBER='1' AIRFLOW_CTX_DAG_RUN_ID='manual__2026-08-25T00:00:00+00:00'
[2026-09-20T07:14:38.884+0000] {taskinstance.py:2513} INFO - Exporting env vars: AIRFLOW_CTX_DAG_OWNER='airflow' AIRFLOW_CTX_DAG_ID='wdbc_pipeline' AIRFLOW_CTX_TASK_ID='ingest' AIRFLOW_CTX_EXECUTION_DATE='2026-08-25T00:00:00+00:00' AIRFLOW_CTX_TRY_NUMBER='1' AIRFLOW_CTX_DAG_RUN_ID='manual__2026-08-25T00:00:00+00:00'
[2026-09-20T07:14:39.012+0000] {wdbc_pipeline.py:75} INFO - ingested 570 rows, 32 columns
[2026-09-20 07:14:39,013] {python.py:202} INFO - Done. Returned value was: {'rows': 570, 'cols': 32, 'path': '/opt/airflow/data/staging/2026-08-25/raw.parquet'}
[2026-09-20T07:14:39.013+0000] {python.py:202} INFO - Done. Returned value was: {'rows': 570, 'cols': 32, 'path': '/opt/airflow/data/staging/2026-08-25/raw.parquet'}
[2026-09-20T07:14:39.052+0000] {taskinstance.py:1149} INFO - Marking task as SUCCESS. dag_id=wdbc_pipeline, task_id=ingest, execution_date=20260825T000000, start_date=, end_date=20260920T071439
[2026-09-20T07:14:39.060+0000] {dag.py:4056} INFO - [DAG TEST] end task task_id=ingest map_index=-1
[2026-09-20T07:14:39.081+0000] {dag.py:4042} INFO - [DAG TEST] starting task_id=validate map_index=-1
[2026-09-20T07:14:39.082+0000] {dag.py:4045} INFO - [DAG TEST] running task <TaskInstance: wdbc_pipeline.validate manual__2026-08-25T00:00:00+00:00 [scheduled]>
[2026-09-20 07:14:39,110] {taskinstance.py:2513} INFO - Exporting env vars: AIRFLOW_CTX_DAG_OWNER='airflow' AIRFLOW_CTX_DAG_ID='wdbc_pipeline' AIRFLOW_CTX_TASK_ID='validate' AIRFLOW_CTX_EXECUTION_DATE='2026-08-25T00:00:00+00:00' AIRFLOW_CTX_TRY_NUMBER='1' AIRFLOW_CTX_DAG_RUN_ID='manual__2026-08-25T00:00:00+00:00'
[2026-09-20T07:14:39.110+0000] {taskinstance.py:2513} INFO - Exporting env vars: AIRFLOW_CTX_DAG_OWNER='airflow' AIRFLOW_CTX_DAG_ID='wdbc_pipeline' AIRFLOW_CTX_TASK_ID='validate' AIRFLOW_CTX_EXECUTION_DATE='2026-08-25T00:00:00+00:00' AIRFLOW_CTX_TRY_NUMBER='1' AIRFLOW_CTX_DAG_RUN_ID='manual__2026-08-25T00:00:00+00:00'
[2026-09-20T07:14:39.443+0000] {wdbc_pipeline.py:98} INFO - validation: {'null': 2, 'negative': 1, 'bad_label': 1, 'duplicate': 1, 'outlier': 1}  (1.05% of rows rejected)
[2026-09-20 07:14:39,541] {python.py:202} INFO - Done. Returned value was: {'path': '/opt/airflow/data/staging/2026-08-25/clean.parquet', 'clean_rows': 564, 'null': 2, 'negative': 1, 'bad_label': 1, 'duplicate': 1, 'outlier': 1}
[2026-09-20T07:14:39.541+0000] {python.py:202} INFO - Done. Returned value was: {'path': '/opt/airflow/data/staging/2026-08-25/clean.parquet', 'clean_rows': 564, 'null': 2, 'negative': 1, 'bad_label': 1, 'duplicate': 1, 'outlier': 1}
[2026-09-20T07:14:39.616+0000] {taskinstance.py:1149} INFO - Marking task as SUCCESS. dag_id=wdbc_pipeline, task_id=validate, execution_date=20260825T000000, start_date=, end_date=20260920T071439
[2026-09-20T07:14:39.623+0000] {dag.py:4056} INFO - [DAG TEST] end task task_id=validate map_index=-1
[2026-09-20T07:14:39.636+0000] {dag.py:4042} INFO - [DAG TEST] starting task_id=split map_index=-1
[2026-09-20T07:14:39.636+0000] {dag.py:4045} INFO - [DAG TEST] running task <TaskInstance: wdbc_pipeline.split manual__2026-08-25T00:00:00+00:00 [scheduled]>
[2026-09-20 07:14:39,661] {taskinstance.py:2513} INFO - Exporting env vars: AIRFLOW_CTX_DAG_OWNER='airflow' AIRFLOW_CTX_DAG_ID='wdbc_pipeline' AIRFLOW_CTX_TASK_ID='split' AIRFLOW_CTX_EXECUTION_DATE='2026-08-25T00:00:00+00:00' AIRFLOW_CTX_TRY_NUMBER='1' AIRFLOW_CTX_DAG_RUN_ID='manual__2026-08-25T00:00:00+00:00'
[2026-09-20T07:14:39.661+0000] {taskinstance.py:2513} INFO - Exporting env vars: AIRFLOW_CTX_DAG_OWNER='airflow' AIRFLOW_CTX_DAG_ID='wdbc_pipeline' AIRFLOW_CTX_TASK_ID='split' AIRFLOW_CTX_EXECUTION_DATE='2026-08-25T00:00:00+00:00' AIRFLOW_CTX_TRY_NUMBER='1' AIRFLOW_CTX_DAG_RUN_ID='manual__2026-08-25T00:00:00+00:00'
[2026-09-20T07:14:39.719+0000] {wdbc_pipeline.py:133} INFO - split: 441 train / 123 test
[2026-09-20 07:14:39,719] {python.py:202} INFO - Done. Returned value was: {'train': 441, 'test': 123}
[2026-09-20T07:14:39.719+0000] {python.py:202} INFO - Done. Returned value was: {'train': 441, 'test': 123}
[2026-09-20T07:14:39.741+0000] {taskinstance.py:1149} INFO - Marking task as SUCCESS. dag_id=wdbc_pipeline, task_id=split, execution_date=20260825T000000, start_date=, end_date=20260920T071439
[2026-09-20T07:14:39.749+0000] {dag.py:4056} INFO - [DAG TEST] end task task_id=split map_index=-1
[2026-09-20T07:14:39.766+0000] {dag.py:4042} INFO - [DAG TEST] starting task_id=scale map_index=-1
[2026-09-20T07:14:39.766+0000] {dag.py:4045} INFO - [DAG TEST] running task <TaskInstance: wdbc_pipeline.scale manual__2026-08-25T00:00:00+00:00 [scheduled]>
[2026-09-20 07:14:39,788] {taskinstance.py:2513} INFO - Exporting env vars: AIRFLOW_CTX_DAG_OWNER='airflow' AIRFLOW_CTX_DAG_ID='wdbc_pipeline' AIRFLOW_CTX_TASK_ID='scale' AIRFLOW_CTX_EXECUTION_DATE='2026-08-25T00:00:00+00:00' AIRFLOW_CTX_TRY_NUMBER='1' AIRFLOW_CTX_DAG_RUN_ID='manual__2026-08-25T00:00:00+00:00'
[2026-09-20T07:14:39.788+0000] {taskinstance.py:2513} INFO - Exporting env vars: AIRFLOW_CTX_DAG_OWNER='airflow' AIRFLOW_CTX_DAG_ID='wdbc_pipeline' AIRFLOW_CTX_TASK_ID='scale' AIRFLOW_CTX_EXECUTION_DATE='2026-08-25T00:00:00+00:00' AIRFLOW_CTX_TRY_NUMBER='1' AIRFLOW_CTX_DAG_RUN_ID='manual__2026-08-25T00:00:00+00:00'
[2026-09-20T07:14:39.884+0000] {wdbc_pipeline.py:151} INFO - scaled with statistics from 441 training rows
[2026-09-20 07:14:39,884] {python.py:202} INFO - Done. Returned value was: {'scaled_columns': 30, 'fitted_on': 441}
[2026-09-20T07:14:39.884+0000] {python.py:202} INFO - Done. Returned value was: {'scaled_columns': 30, 'fitted_on': 441}
[2026-09-20T07:14:39.907+0000] {taskinstance.py:1149} INFO - Marking task as SUCCESS. dag_id=wdbc_pipeline, task_id=scale, execution_date=20260825T000000, start_date=, end_date=20260920T071439
[2026-09-20T07:14:39.914+0000] {dag.py:4056} INFO - [DAG TEST] end task task_id=scale map_index=-1
[2026-09-20T07:14:39.927+0000] {dag.py:4042} INFO - [DAG TEST] starting task_id=train map_index=-1
[2026-09-20T07:14:39.928+0000] {dag.py:4045} INFO - [DAG TEST] running task <TaskInstance: wdbc_pipeline.train manual__2026-08-25T00:00:00+00:00 [scheduled]>
[2026-09-20 07:14:39,958] {taskinstance.py:2513} INFO - Exporting env vars: AIRFLOW_CTX_DAG_OWNER='airflow' AIRFLOW_CTX_DAG_ID='wdbc_pipeline' AIRFLOW_CTX_TASK_ID='train' AIRFLOW_CTX_EXECUTION_DATE='2026-08-25T00:00:00+00:00' AIRFLOW_CTX_TRY_NUMBER='1' AIRFLOW_CTX_DAG_RUN_ID='manual__2026-08-25T00:00:00+00:00'
[2026-09-20T07:14:39.958+0000] {taskinstance.py:2513} INFO - Exporting env vars: AIRFLOW_CTX_DAG_OWNER='airflow' AIRFLOW_CTX_DAG_ID='wdbc_pipeline' AIRFLOW_CTX_TASK_ID='train' AIRFLOW_CTX_EXECUTION_DATE='2026-08-25T00:00:00+00:00' AIRFLOW_CTX_TRY_NUMBER='1' AIRFLOW_CTX_DAG_RUN_ID='manual__2026-08-25T00:00:00+00:00'
2026/09/20 07:14:45 INFO mlflow.tracking.fluent: Experiment with name 'wdbc_pipeline' does not exist. Creating a new experiment.
/home/airflow/.local/lib/python3.11/site-packages/mlflow/types/utils.py:435 UserWarning: Hint: Inferred schema contains integer column(s). Integer columns in Python cannot represent missing values. If your input data contains missing values at inference time, it will be encoded as floats and will cause a schema enforcement error. The best way to avoid this problem is to infer the model schema based on a realistic data sample (training dataset) that includes missing values. Alternatively, you can declare integer columns as doubles (float64) whenever these columns may have missing values. See `Handling Integers With Missing Values <https://www.mlflow.org/docs/latest/models.html#handling-integers-with-missing-values>`_ for more details.
🏃 View run wdbc-2026-08-25 at: http://mlflow:5000/#/experiments/1/runs/932d8404dd594730bb6bd1065113b755
🧪 View experiment at: http://mlflow:5000/#/experiments/1
[2026-09-20T07:14:53.390+0000] {wdbc_pipeline.py:228} INFO - trained on 441 rows, tested on 123: {'accuracy': 0.95122, 'precision': 0.959184, 'recall': 0.921569, 'f1': 0.94, 'roc_auc': 0.995643}
[2026-09-20T07:14:53.393+0000] {wdbc_pipeline.py:230} INFO - recorded as MLflow run 932d8404dd594730bb6bd1065113b755 in experiment wdbc_pipeline
[2026-09-20 07:14:53,395] {python.py:202} INFO - Done. Returned value was: {'accuracy': 0.95122, 'precision': 0.959184, 'recall': 0.921569, 'f1': 0.94, 'roc_auc': 0.995643, 'mlflow_run_id': '932d8404dd594730bb6bd1065113b755'}
[2026-09-20T07:14:53.395+0000] {python.py:202} INFO - Done. Returned value was: {'accuracy': 0.95122, 'precision': 0.959184, 'recall': 0.921569, 'f1': 0.94, 'roc_auc': 0.995643, 'mlflow_run_id': '932d8404dd594730bb6bd1065113b755'}
[2026-09-20T07:14:53.549+0000] {taskinstance.py:1149} INFO - Marking task as SUCCESS. dag_id=wdbc_pipeline, task_id=train, execution_date=20260825T000000, start_date=, end_date=20260920T071453
[2026-09-20T07:14:53.572+0000] {dag.py:4056} INFO - [DAG TEST] end task task_id=train map_index=-1
[2026-09-20T07:14:53.666+0000] {dag.py:4042} INFO - [DAG TEST] starting task_id=report map_index=-1
[2026-09-20T07:14:53.667+0000] {dag.py:4045} INFO - [DAG TEST] running task <TaskInstance: wdbc_pipeline.report manual__2026-08-25T00:00:00+00:00 [scheduled]>
[2026-09-20 07:14:53,913] {taskinstance.py:2513} INFO - Exporting env vars: AIRFLOW_CTX_DAG_OWNER='airflow' AIRFLOW_CTX_DAG_ID='wdbc_pipeline' AIRFLOW_CTX_TASK_ID='report' AIRFLOW_CTX_EXECUTION_DATE='2026-08-25T00:00:00+00:00' AIRFLOW_CTX_TRY_NUMBER='1' AIRFLOW_CTX_DAG_RUN_ID='manual__2026-08-25T00:00:00+00:00'
[2026-09-20T07:14:53.913+0000] {taskinstance.py:2513} INFO - Exporting env vars: AIRFLOW_CTX_DAG_OWNER='airflow' AIRFLOW_CTX_DAG_ID='wdbc_pipeline' AIRFLOW_CTX_TASK_ID='report' AIRFLOW_CTX_EXECUTION_DATE='2026-08-25T00:00:00+00:00' AIRFLOW_CTX_TRY_NUMBER='1' AIRFLOW_CTX_DAG_RUN_ID='manual__2026-08-25T00:00:00+00:00'
[2026-09-20T07:14:53.927+0000] {wdbc_pipeline.py:250} INFO - summary: {"accuracy": 0.95122, "bad_label": 1, "clean_rows": 564, "ds": "2026-08-25", "duplicate": 1, "f1": 0.94, "fitted_on": 441, "negative": 1, "null": 2, "outlier": 1, "precision": 0.959184, "recall": 0.921569, "roc_auc": 0.995643, "scaled_columns": 30, "test": 123, "train": 441}
[2026-09-20 07:14:53,927] {python.py:202} INFO - Done. Returned value was: {"accuracy": 0.95122, "bad_label": 1, "clean_rows": 564, "ds": "2026-08-25", "duplicate": 1, "f1": 0.94, "fitted_on": 441, "negative": 1, "null": 2, "outlier": 1, "precision": 0.959184, "recall": 0.921569, "roc_auc": 0.995643, "scaled_columns": 30, "test": 123, "train": 441}
[2026-09-20T07:14:53.927+0000] {python.py:202} INFO - Done. Returned value was: {"accuracy": 0.95122, "bad_label": 1, "clean_rows": 564, "ds": "2026-08-25", "duplicate": 1, "f1": 0.94, "fitted_on": 441, "negative": 1, "null": 2, "outlier": 1, "precision": 0.959184, "recall": 0.921569, "roc_auc": 0.995643, "scaled_columns": 30, "test": 123, "train": 441}
[2026-09-20T07:14:53.959+0000] {taskinstance.py:1149} INFO - Marking task as SUCCESS. dag_id=wdbc_pipeline, task_id=report, execution_date=20260825T000000, start_date=, end_date=20260920T071453
[2026-09-20T07:14:53.967+0000] {dag.py:4056} INFO - [DAG TEST] end task task_id=report map_index=-1
[2026-09-20T07:14:53.972+0000] {dagrun.py:795} INFO - Marking run <DagRun wdbc_pipeline @ 2026-08-25 00:00:00+00:00: manual__2026-08-25T00:00:00+00:00, state:running, queued_at: None. externally triggered: False> successful
[2026-09-20T07:14:53.975+0000] {dagrun.py:846} INFO - DagRun Finished: dag_id=wdbc_pipeline, execution_date=2026-08-25 00:00:00+00:00, run_id=manual__2026-08-25T00:00:00+00:00, run_start_date=2026-08-25 00:00:00+00:00, run_end_date=2026-09-20 07:14:53.975251+00:00, run_duration=2272493.975251, state=success, external_trigger=False, run_type=manual, data_interval_start=2026-08-24 00:00:00+00:00, data_interval_end=2026-08-25 00:00:00+00:00, dag_hash=None
