[2026-09-20T07:16:05.745+0000] {dagbag.py:540} INFO - Filling up the DagBag from /opt/airflow/dags
[2026-09-20T07:16:06.252+0000] {dag.py:4080} INFO - dagrun id: wdbc_pipeline
[2026-09-20T07:16:06.278+0000] {dag.py:4096} INFO - created dagrun <DagRun wdbc_pipeline @ 2026-08-25 00:00:00+00:00: manual__2026-08-25T00:00:00+00:00, state:running, queued_at: None. externally triggered: False>
[2026-09-20T07:16:06.299+0000] {dag.py:4042} INFO - [DAG TEST] starting task_id=ingest map_index=-1
[2026-09-20T07:16:06.299+0000] {dag.py:4045} INFO - [DAG TEST] running task <TaskInstance: wdbc_pipeline.ingest manual__2026-08-25T00:00:00+00:00 [scheduled]>
[2026-09-20 07:16:06,375] {taskinstance.py:2513} INFO - Exporting env vars: AIRFLOW_CTX_DAG_OWNER='airflow' AIRFLOW_CTX_DAG_ID='wdbc_pipeline' AIRFLOW_CTX_TASK_ID='ingest' AIRFLOW_CTX_EXECUTION_DATE='2026-08-25T00:00:00+00:00' AIRFLOW_CTX_TRY_NUMBER='1' AIRFLOW_CTX_DAG_RUN_ID='manual__2026-08-25T00:00:00+00:00'
[2026-09-20T07:16:06.375+0000] {taskinstance.py:2513} INFO - Exporting env vars: AIRFLOW_CTX_DAG_OWNER='airflow' AIRFLOW_CTX_DAG_ID='wdbc_pipeline' AIRFLOW_CTX_TASK_ID='ingest' AIRFLOW_CTX_EXECUTION_DATE='2026-08-25T00:00:00+00:00' AIRFLOW_CTX_TRY_NUMBER='1' AIRFLOW_CTX_DAG_RUN_ID='manual__2026-08-25T00:00:00+00:00'
[2026-09-20T07:16:06.415+0000] {wdbc_pipeline.py:75} INFO - ingested 570 rows, 32 columns
[2026-09-20 07:16:06,416] {python.py:202} INFO - Done. Returned value was: {'rows': 570, 'cols': 32, 'path': '/opt/airflow/data/staging/2026-08-25/raw.parquet'}
[2026-09-20T07:16:06.416+0000] {python.py:202} INFO - Done. Returned value was: {'rows': 570, 'cols': 32, 'path': '/opt/airflow/data/staging/2026-08-25/raw.parquet'}
[2026-09-20T07:16:06.443+0000] {taskinstance.py:1149} INFO - Marking task as SUCCESS. dag_id=wdbc_pipeline, task_id=ingest, execution_date=20260825T000000, start_date=, end_date=20260920T071606
[2026-09-20T07:16:06.451+0000] {dag.py:4056} INFO - [DAG TEST] end task task_id=ingest map_index=-1
[2026-09-20T07:16:06.463+0000] {dag.py:4042} INFO - [DAG TEST] starting task_id=validate map_index=-1
[2026-09-20T07:16:06.463+0000] {dag.py:4045} INFO - [DAG TEST] running task <TaskInstance: wdbc_pipeline.validate manual__2026-08-25T00:00:00+00:00 [scheduled]>
[2026-09-20 07:16:06,485] {taskinstance.py:2513} INFO - Exporting env vars: AIRFLOW_CTX_DAG_OWNER='airflow' AIRFLOW_CTX_DAG_ID='wdbc_pipeline' AIRFLOW_CTX_TASK_ID='validate' AIRFLOW_CTX_EXECUTION_DATE='2026-08-25T00:00:00+00:00' AIRFLOW_CTX_TRY_NUMBER='1' AIRFLOW_CTX_DAG_RUN_ID='manual__2026-08-25T00:00:00+00:00'
[2026-09-20T07:16:06.485+0000] {taskinstance.py:2513} INFO - Exporting env vars: AIRFLOW_CTX_DAG_OWNER='airflow' AIRFLOW_CTX_DAG_ID='wdbc_pipeline' AIRFLOW_CTX_TASK_ID='validate' AIRFLOW_CTX_EXECUTION_DATE='2026-08-25T00:00:00+00:00' AIRFLOW_CTX_TRY_NUMBER='1' AIRFLOW_CTX_DAG_RUN_ID='manual__2026-08-25T00:00:00+00:00'
[2026-09-20T07:16:06.519+0000] {wdbc_pipeline.py:98} INFO - validation: {'null': 70, 'negative': 1, 'bad_label': 1, 'duplicate': 1, 'outlier': 1}  (12.98% of rows rejected)
[2026-09-20T07:16:06.561+0000] {taskinstance.py:2731} ERROR - Task failed with exception
Traceback (most recent call last):
  File "/home/airflow/.local/lib/python3.11/site-packages/airflow/models/taskinstance.py", line 444, in _execute_task
    result = _execute_callable(context=context, **execute_callable_kwargs)
             ^^^^^^^^^^^^^^^^^^^^^^^^^^^^^^^^^^^^^^^^^^^^^^^^^^^^^^^^^^^^^
  File "/home/airflow/.local/lib/python3.11/site-packages/airflow/models/taskinstance.py", line 414, in _execute_callable
    return execute_callable(context=context, **execute_callable_kwargs)
           ^^^^^^^^^^^^^^^^^^^^^^^^^^^^^^^^^^^^^^^^^^^^^^^^^^^^^^^^^^^^
  File "/home/airflow/.local/lib/python3.11/site-packages/airflow/decorators/base.py", line 241, in execute
    return_value = super().execute(context)
                   ^^^^^^^^^^^^^^^^^^^^^^^^
  File "/home/airflow/.local/lib/python3.11/site-packages/airflow/operators/python.py", line 200, in execute
    return_value = self.execute_callable()
                   ^^^^^^^^^^^^^^^^^^^^^^^
  File "/home/airflow/.local/lib/python3.11/site-packages/airflow/operators/python.py", line 217, in execute_callable
    return self.python_callable(*self.op_args, **self.op_kwargs)
           ^^^^^^^^^^^^^^^^^^^^^^^^^^^^^^^^^^^^^^^^^^^^^^^^^^^^^
  File "/opt/airflow/dags/wdbc_pipeline.py", line 112, in validate
    raise AirflowFailException(
airflow.exceptions.AirflowFailException: 13.0% of rows rejected, limit is 5%
[2026-09-20T07:16:06.567+0000] {taskinstance.py:1149} INFO - Immediate failure requested. Marking task as FAILED. dag_id=wdbc_pipeline, task_id=validate, execution_date=20260825T000000, start_date=, end_date=20260920T071606
[2026-09-20T07:16:06.575+0000] {dag.py:2895} ERROR - Task failed; ti=<TaskInstance: wdbc_pipeline.validate manual__2026-08-25T00:00:00+00:00 [failed]>
Traceback (most recent call last):
  File "/home/airflow/.local/lib/python3.11/site-packages/airflow/models/dag.py", line 2893, in test
    _run_task(ti=ti, inline_trigger=not triggerer_running, session=session)
  File "/home/airflow/.local/lib/python3.11/site-packages/airflow/models/dag.py", line 4046, in _run_task
    ti._run_raw_task(session=session, raise_on_defer=inline_trigger)
  File "/home/airflow/.local/lib/python3.11/site-packages/airflow/utils/session.py", line 76, in wrapper
    return func(*args, **kwargs)
           ^^^^^^^^^^^^^^^^^^^^^
  File "/home/airflow/.local/lib/python3.11/site-packages/airflow/models/taskinstance.py", line 2360, in _run_raw_task
    self._execute_task_with_callbacks(context, test_mode, session=session)
  File "/home/airflow/.local/lib/python3.11/site-packages/airflow/models/taskinstance.py", line 2532, in _execute_task_with_callbacks
    result = self._execute_task(context, task_orig)
             ^^^^^^^^^^^^^^^^^^^^^^^^^^^^^^^^^^^^^^
  File "/home/airflow/.local/lib/python3.11/site-packages/airflow/models/taskinstance.py", line 2549, in _execute_task
    return _execute_task(self, context, task_orig)
           ^^^^^^^^^^^^^^^^^^^^^^^^^^^^^^^^^^^^^^^
  File "/home/airflow/.local/lib/python3.11/site-packages/airflow/models/taskinstance.py", line 444, in _execute_task
    result = _execute_callable(context=context, **execute_callable_kwargs)
             ^^^^^^^^^^^^^^^^^^^^^^^^^^^^^^^^^^^^^^^^^^^^^^^^^^^^^^^^^^^^^
  File "/home/airflow/.local/lib/python3.11/site-packages/airflow/models/taskinstance.py", line 414, in _execute_callable
    return execute_callable(context=context, **execute_callable_kwargs)
           ^^^^^^^^^^^^^^^^^^^^^^^^^^^^^^^^^^^^^^^^^^^^^^^^^^^^^^^^^^^^
  File "/home/airflow/.local/lib/python3.11/site-packages/airflow/decorators/base.py", line 241, in execute
    return_value = super().execute(context)
                   ^^^^^^^^^^^^^^^^^^^^^^^^
  File "/home/airflow/.local/lib/python3.11/site-packages/airflow/operators/python.py", line 200, in execute
    return_value = self.execute_callable()
                   ^^^^^^^^^^^^^^^^^^^^^^^
  File "/home/airflow/.local/lib/python3.11/site-packages/airflow/operators/python.py", line 217, in execute_callable
    return self.python_callable(*self.op_args, **self.op_kwargs)
           ^^^^^^^^^^^^^^^^^^^^^^^^^^^^^^^^^^^^^^^^^^^^^^^^^^^^^
  File "/opt/airflow/dags/wdbc_pipeline.py", line 112, in validate
    raise AirflowFailException(
airflow.exceptions.AirflowFailException: 13.0% of rows rejected, limit is 5%
[2026-09-20T07:16:06.589+0000] {dag.py:2886} WARNING - No tasks to run. unrunnable tasks: {<TaskInstance: wdbc_pipeline.train manual__2026-08-25T00:00:00+00:00 [None]>}
[2026-09-20T07:16:07.621+0000] {dagrun.py:774} ERROR - Marking run <DagRun wdbc_pipeline @ 2026-08-25 00:00:00+00:00: manual__2026-08-25T00:00:00+00:00, state:running, queued_at: None. externally triggered: False> failed
[2026-09-20T07:16:07.622+0000] {dagrun.py:846} INFO - DagRun Finished: dag_id=wdbc_pipeline, execution_date=2026-08-25 00:00:00+00:00, run_id=manual__2026-08-25T00:00:00+00:00, run_start_date=2026-08-25 00:00:00+00:00, run_end_date=2026-09-20 07:16:07.621935+00:00, run_duration=2272567.621935, state=failed, external_trigger=False, run_type=manual, data_interval_start=2026-08-24 00:00:00+00:00, data_interval_end=2026-08-25 00:00:00+00:00, dag_hash=None
DagRun failed
