/home/airflow/.local/lib/python3.11/site-packages/airflow/cli/commands/dag_command.py:134 RemovedInAirflow3Warning: --ignore-first-depends-on-past is deprecated as the value is always set to True
[2026-09-20T07:16:32.391+0000] {dagbag.py:540} INFO - Filling up the DagBag from /opt/airflow/dags
[2026-09-20T07:16:32.772+0000] {executor_loader.py:115} INFO - Loaded executor: SequentialExecutor
[2026-09-20T07:16:32.869+0000] {base_executor.py:146} INFO - Adding to queue: ['airflow', 'tasks', 'run', 'wdbc_pipeline', 'ingest', 'backfill__2026-08-22T00:00:00+00:00', '--depends-on-past', 'ignore', '--local', '--pool', 'default_pool', '--subdir', 'DAGS_FOLDER/wdbc_pipeline.py', '--cfg-path', '/tmp/tmpdlju7bv5']
[2026-09-20T07:16:37.795+0000] {sequential_executor.py:73} INFO - Executing command: ['airflow', 'tasks', 'run', 'wdbc_pipeline', 'ingest', 'backfill__2026-08-22T00:00:00+00:00', '--depends-on-past', 'ignore', '--local', '--pool', 'default_pool', '--subdir', 'DAGS_FOLDER/wdbc_pipeline.py', '--cfg-path', '/tmp/tmpdlju7bv5']
[2026-09-20T07:16:39.524+0000] {dagbag.py:540} INFO - Filling up the DagBag from /opt/airflow/dags/wdbc_pipeline.py
[2026-09-20T07:16:39.930+0000] {task_command.py:423} INFO - Running <TaskInstance: wdbc_pipeline.ingest backfill__2026-08-22T00:00:00+00:00 [queued]> on host 8c4148bdc5f8
[2026-09-20T07:16:40.768+0000] {backfill_job_runner.py:446} INFO - [backfill progress] | finished run 0 of 3 | tasks waiting: 5 | succeeded: 1 | running: 0 | failed: 0 | skipped: 0 | deadlocked: 0 | not ready: 5
[2026-09-20T07:16:40.789+0000] {base_executor.py:146} INFO - Adding to queue: ['airflow', 'tasks', 'run', 'wdbc_pipeline', 'validate', 'backfill__2026-08-22T00:00:00+00:00', '--depends-on-past', 'ignore', '--local', '--pool', 'default_pool', '--subdir', 'DAGS_FOLDER/wdbc_pipeline.py', '--cfg-path', '/tmp/tmpe1roj5t1']
[2026-09-20T07:16:42.793+0000] {sequential_executor.py:73} INFO - Executing command: ['airflow', 'tasks', 'run', 'wdbc_pipeline', 'validate', 'backfill__2026-08-22T00:00:00+00:00', '--depends-on-past', 'ignore', '--local', '--pool', 'default_pool', '--subdir', 'DAGS_FOLDER/wdbc_pipeline.py', '--cfg-path', '/tmp/tmpe1roj5t1']
[2026-09-20T07:16:44.192+0000] {dagbag.py:540} INFO - Filling up the DagBag from /opt/airflow/dags/wdbc_pipeline.py
[2026-09-20T07:16:44.500+0000] {task_command.py:423} INFO - Running <TaskInstance: wdbc_pipeline.validate backfill__2026-08-22T00:00:00+00:00 [queued]> on host 8c4148bdc5f8
[2026-09-20T07:16:45.377+0000] {backfill_job_runner.py:446} INFO - [backfill progress] | finished run 0 of 3 | tasks waiting: 4 | succeeded: 2 | running: 0 | failed: 0 | skipped: 0 | deadlocked: 0 | not ready: 4
[2026-09-20T07:16:45.392+0000] {base_executor.py:146} INFO - Adding to queue: ['airflow', 'tasks', 'run', 'wdbc_pipeline', 'split', 'backfill__2026-08-22T00:00:00+00:00', '--depends-on-past', 'ignore', '--local', '--pool', 'default_pool', '--subdir', 'DAGS_FOLDER/wdbc_pipeline.py', '--cfg-path', '/tmp/tmpswpnqgxx']
[2026-09-20T07:16:47.802+0000] {sequential_executor.py:73} INFO - Executing command: ['airflow', 'tasks', 'run', 'wdbc_pipeline', 'split', 'backfill__2026-08-22T00:00:00+00:00', '--depends-on-past', 'ignore', '--local', '--pool', 'default_pool', '--subdir', 'DAGS_FOLDER/wdbc_pipeline.py', '--cfg-path', '/tmp/tmpswpnqgxx']
[2026-09-20T07:16:49.591+0000] {dagbag.py:540} INFO - Filling up the DagBag from /opt/airflow/dags/wdbc_pipeline.py
[2026-09-20T07:16:50.044+0000] {task_command.py:423} INFO - Running <TaskInstance: wdbc_pipeline.split backfill__2026-08-22T00:00:00+00:00 [queued]> on host 8c4148bdc5f8
[2026-09-20T07:16:50.877+0000] {backfill_job_runner.py:446} INFO - [backfill progress] | finished run 0 of 3 | tasks waiting: 3 | succeeded: 3 | running: 0 | failed: 0 | skipped: 0 | deadlocked: 0 | not ready: 3
[2026-09-20T07:16:50.900+0000] {base_executor.py:146} INFO - Adding to queue: ['airflow', 'tasks', 'run', 'wdbc_pipeline', 'scale', 'backfill__2026-08-22T00:00:00+00:00', '--depends-on-past', 'ignore', '--local', '--pool', 'default_pool', '--subdir', 'DAGS_FOLDER/wdbc_pipeline.py', '--cfg-path', '/tmp/tmp5vs474m7']
[2026-09-20T07:16:52.809+0000] {sequential_executor.py:73} INFO - Executing command: ['airflow', 'tasks', 'run', 'wdbc_pipeline', 'scale', 'backfill__2026-08-22T00:00:00+00:00', '--depends-on-past', 'ignore', '--local', '--pool', 'default_pool', '--subdir', 'DAGS_FOLDER/wdbc_pipeline.py', '--cfg-path', '/tmp/tmp5vs474m7']
[2026-09-20T07:16:54.685+0000] {dagbag.py:540} INFO - Filling up the DagBag from /opt/airflow/dags/wdbc_pipeline.py
[2026-09-20T07:16:55.056+0000] {task_command.py:423} INFO - Running <TaskInstance: wdbc_pipeline.scale backfill__2026-08-22T00:00:00+00:00 [queued]> on host 8c4148bdc5f8
[2026-09-20T07:16:55.870+0000] {backfill_job_runner.py:446} INFO - [backfill progress] | finished run 0 of 3 | tasks waiting: 2 | succeeded: 4 | running: 0 | failed: 0 | skipped: 0 | deadlocked: 0 | not ready: 2
[2026-09-20T07:16:55.887+0000] {base_executor.py:146} INFO - Adding to queue: ['airflow', 'tasks', 'run', 'wdbc_pipeline', 'train', 'backfill__2026-08-22T00:00:00+00:00', '--depends-on-past', 'ignore', '--local', '--pool', 'default_pool', '--subdir', 'DAGS_FOLDER/wdbc_pipeline.py', '--cfg-path', '/tmp/tmp0tzid16e']
[2026-09-20T07:16:57.826+0000] {sequential_executor.py:73} INFO - Executing command: ['airflow', 'tasks', 'run', 'wdbc_pipeline', 'train', 'backfill__2026-08-22T00:00:00+00:00', '--depends-on-past', 'ignore', '--local', '--pool', 'default_pool', '--subdir', 'DAGS_FOLDER/wdbc_pipeline.py', '--cfg-path', '/tmp/tmp0tzid16e']
[2026-09-20T07:17:00.600+0000] {dagbag.py:540} INFO - Filling up the DagBag from /opt/airflow/dags/wdbc_pipeline.py
[2026-09-20T07:17:01.249+0000] {task_command.py:423} INFO - Running <TaskInstance: wdbc_pipeline.train backfill__2026-08-22T00:00:00+00:00 [queued]> on host 8c4148bdc5f8
[2026-09-20T07:17:09.152+0000] {backfill_job_runner.py:446} INFO - [backfill progress] | finished run 0 of 3 | tasks waiting: 1 | succeeded: 5 | running: 0 | failed: 0 | skipped: 0 | deadlocked: 0 | not ready: 1
[2026-09-20T07:17:09.176+0000] {base_executor.py:146} INFO - Adding to queue: ['airflow', 'tasks', 'run', 'wdbc_pipeline', 'report', 'backfill__2026-08-22T00:00:00+00:00', '--depends-on-past', 'ignore', '--local', '--pool', 'default_pool', '--subdir', 'DAGS_FOLDER/wdbc_pipeline.py', '--cfg-path', '/tmp/tmph9v5_r2u']
[2026-09-20T07:17:09.181+0000] {sequential_executor.py:73} INFO - Executing command: ['airflow', 'tasks', 'run', 'wdbc_pipeline', 'report', 'backfill__2026-08-22T00:00:00+00:00', '--depends-on-past', 'ignore', '--local', '--pool', 'default_pool', '--subdir', 'DAGS_FOLDER/wdbc_pipeline.py', '--cfg-path', '/tmp/tmph9v5_r2u']
[2026-09-20T07:17:10.883+0000] {dagbag.py:540} INFO - Filling up the DagBag from /opt/airflow/dags/wdbc_pipeline.py
[2026-09-20T07:17:11.282+0000] {task_command.py:423} INFO - Running <TaskInstance: wdbc_pipeline.report backfill__2026-08-22T00:00:00+00:00 [queued]> on host 8c4148bdc5f8
[2026-09-20T07:17:11.965+0000] {dagrun.py:795} INFO - Marking run <DagRun wdbc_pipeline @ 2026-08-22 00:00:00+00:00: backfill__2026-08-22T00:00:00+00:00, state:running, queued_at: None. externally triggered: False> successful
[2026-09-20T07:17:11.968+0000] {dagrun.py:846} INFO - DagRun Finished: dag_id=wdbc_pipeline, execution_date=2026-08-22 00:00:00+00:00, run_id=backfill__2026-08-22T00:00:00+00:00, run_start_date=2026-09-20 07:16:32.817612+00:00, run_end_date=2026-09-20 07:17:11.968130+00:00, run_duration=39.150518, state=success, external_trigger=False, run_type=backfill, data_interval_start=2026-08-22 00:00:00+00:00, data_interval_end=2026-08-23 00:00:00+00:00, dag_hash=None
[2026-09-20T07:17:11.969+0000] {backfill_job_runner.py:446} INFO - [backfill progress] | finished run 1 of 3 | tasks waiting: 0 | succeeded: 6 | running: 0 | failed: 0 | skipped: 0 | deadlocked: 0 | not ready: 0
[2026-09-20T07:17:11.973+0000] {backfill_job_runner.py:984} INFO - max_active_runs limit for dag wdbc_pipeline has been reached  - waiting for other dag runs to finish
[2026-09-20T07:17:13.028+0000] {base_executor.py:146} INFO - Adding to queue: ['airflow', 'tasks', 'run', 'wdbc_pipeline', 'ingest', 'backfill__2026-08-23T00:00:00+00:00', '--local', '--pool', 'default_pool', '--subdir', 'DAGS_FOLDER/wdbc_pipeline.py', '--cfg-path', '/tmp/tmpx9xzz1pg']
[2026-09-20T07:17:14.194+0000] {sequential_executor.py:73} INFO - Executing command: ['airflow', 'tasks', 'run', 'wdbc_pipeline', 'ingest', 'backfill__2026-08-23T00:00:00+00:00', '--local', '--pool', 'default_pool', '--subdir', 'DAGS_FOLDER/wdbc_pipeline.py', '--cfg-path', '/tmp/tmpx9xzz1pg']
[2026-09-20T07:17:17.700+0000] {dagbag.py:540} INFO - Filling up the DagBag from /opt/airflow/dags/wdbc_pipeline.py
[2026-09-20T07:17:18.615+0000] {task_command.py:423} INFO - Running <TaskInstance: wdbc_pipeline.ingest backfill__2026-08-23T00:00:00+00:00 [queued]> on host 8c4148bdc5f8
[2026-09-20T07:17:20.607+0000] {backfill_job_runner.py:446} INFO - [backfill progress] | finished run 1 of 3 | tasks waiting: 5 | succeeded: 7 | running: 0 | failed: 0 | skipped: 0 | deadlocked: 0 | not ready: 5
[2026-09-20T07:17:20.654+0000] {base_executor.py:146} INFO - Adding to queue: ['airflow', 'tasks', 'run', 'wdbc_pipeline', 'validate', 'backfill__2026-08-23T00:00:00+00:00', '--local', '--pool', 'default_pool', '--subdir', 'DAGS_FOLDER/wdbc_pipeline.py', '--cfg-path', '/tmp/tmpkzv9fk81']
[2026-09-20T07:17:20.684+0000] {sequential_executor.py:73} INFO - Executing command: ['airflow', 'tasks', 'run', 'wdbc_pipeline', 'validate', 'backfill__2026-08-23T00:00:00+00:00', '--local', '--pool', 'default_pool', '--subdir', 'DAGS_FOLDER/wdbc_pipeline.py', '--cfg-path', '/tmp/tmpkzv9fk81']
[2026-09-20T07:17:24.387+0000] {dagbag.py:540} INFO - Filling up the DagBag from /opt/airflow/dags/wdbc_pipeline.py
[2026-09-20T07:17:25.539+0000] {task_command.py:423} INFO - Running <TaskInstance: wdbc_pipeline.validate backfill__2026-08-23T00:00:00+00:00 [queued]> on host 8c4148bdc5f8
[2026-09-20T07:17:30.665+0000] {backfill_job_runner.py:446} INFO - [backfill progress] | finished run 1 of 3 | tasks waiting: 4 | succeeded: 8 | running: 0 | failed: 0 | skipped: 0 | deadlocked: 0 | not ready: 4
[2026-09-20T07:17:30.742+0000] {base_executor.py:146} INFO - Adding to queue: ['airflow', 'tasks', 'run', 'wdbc_pipeline', 'split', 'backfill__2026-08-23T00:00:00+00:00', '--local', '--pool', 'default_pool', '--subdir', 'DAGS_FOLDER/wdbc_pipeline.py', '--cfg-path', '/tmp/tmpx1nzpm0y']
[2026-09-20T07:17:30.838+0000] {sequential_executor.py:73} INFO - Executing command: ['airflow', 'tasks', 'run', 'wdbc_pipeline', 'split', 'backfill__2026-08-23T00:00:00+00:00', '--local', '--pool', 'default_pool', '--subdir', 'DAGS_FOLDER/wdbc_pipeline.py', '--cfg-path', '/tmp/tmpx1nzpm0y']
[2026-09-20T07:17:36.637+0000] {dagbag.py:540} INFO - Filling up the DagBag from /opt/airflow/dags/wdbc_pipeline.py
[2026-09-20T07:17:38.077+0000] {task_command.py:423} INFO - Running <TaskInstance: wdbc_pipeline.split backfill__2026-08-23T00:00:00+00:00 [queued]> on host 8c4148bdc5f8
[2026-09-20T07:17:40.404+0000] {backfill_job_runner.py:446} INFO - [backfill progress] | finished run 1 of 3 | tasks waiting: 3 | succeeded: 9 | running: 0 | failed: 0 | skipped: 0 | deadlocked: 0 | not ready: 3
[2026-09-20T07:17:40.462+0000] {base_executor.py:146} INFO - Adding to queue: ['airflow', 'tasks', 'run', 'wdbc_pipeline', 'scale', 'backfill__2026-08-23T00:00:00+00:00', '--local', '--pool', 'default_pool', '--subdir', 'DAGS_FOLDER/wdbc_pipeline.py', '--cfg-path', '/tmp/tmph0wzzdj7']
[2026-09-20T07:17:40.497+0000] {sequential_executor.py:73} INFO - Executing command: ['airflow', 'tasks', 'run', 'wdbc_pipeline', 'scale', 'backfill__2026-08-23T00:00:00+00:00', '--local', '--pool', 'default_pool', '--subdir', 'DAGS_FOLDER/wdbc_pipeline.py', '--cfg-path', '/tmp/tmph0wzzdj7']
[2026-09-20T07:17:42.984+0000] {dagbag.py:540} INFO - Filling up the DagBag from /opt/airflow/dags/wdbc_pipeline.py
[2026-09-20T07:17:43.420+0000] {task_command.py:423} INFO - Running <TaskInstance: wdbc_pipeline.scale backfill__2026-08-23T00:00:00+00:00 [queued]> on host 8c4148bdc5f8
[2026-09-20T07:17:44.607+0000] {backfill_job_runner.py:446} INFO - [backfill progress] | finished run 1 of 3 | tasks waiting: 2 | succeeded: 10 | running: 0 | failed: 0 | skipped: 0 | deadlocked: 0 | not ready: 2
[2026-09-20T07:17:44.631+0000] {base_executor.py:146} INFO - Adding to queue: ['airflow', 'tasks', 'run', 'wdbc_pipeline', 'train', 'backfill__2026-08-23T00:00:00+00:00', '--local', '--pool', 'default_pool', '--subdir', 'DAGS_FOLDER/wdbc_pipeline.py', '--cfg-path', '/tmp/tmpwyxpqklb']
[2026-09-20T07:17:45.500+0000] {sequential_executor.py:73} INFO - Executing command: ['airflow', 'tasks', 'run', 'wdbc_pipeline', 'train', 'backfill__2026-08-23T00:00:00+00:00', '--local', '--pool', 'default_pool', '--subdir', 'DAGS_FOLDER/wdbc_pipeline.py', '--cfg-path', '/tmp/tmpwyxpqklb']
[2026-09-20T07:17:47.374+0000] {dagbag.py:540} INFO - Filling up the DagBag from /opt/airflow/dags/wdbc_pipeline.py
[2026-09-20T07:17:47.818+0000] {task_command.py:423} INFO - Running <TaskInstance: wdbc_pipeline.train backfill__2026-08-23T00:00:00+00:00 [queued]> on host 8c4148bdc5f8
[2026-09-20T07:18:01.221+0000] {backfill_job_runner.py:446} INFO - [backfill progress] | finished run 1 of 3 | tasks waiting: 1 | succeeded: 11 | running: 0 | failed: 0 | skipped: 0 | deadlocked: 0 | not ready: 1
[2026-09-20T07:18:01.284+0000] {base_executor.py:146} INFO - Adding to queue: ['airflow', 'tasks', 'run', 'wdbc_pipeline', 'report', 'backfill__2026-08-23T00:00:00+00:00', '--local', '--pool', 'default_pool', '--subdir', 'DAGS_FOLDER/wdbc_pipeline.py', '--cfg-path', '/tmp/tmpsyyb7cld']
[2026-09-20T07:18:01.296+0000] {sequential_executor.py:73} INFO - Executing command: ['airflow', 'tasks', 'run', 'wdbc_pipeline', 'report', 'backfill__2026-08-23T00:00:00+00:00', '--local', '--pool', 'default_pool', '--subdir', 'DAGS_FOLDER/wdbc_pipeline.py', '--cfg-path', '/tmp/tmpsyyb7cld']
[2026-09-20T07:18:04.882+0000] {dagbag.py:540} INFO - Filling up the DagBag from /opt/airflow/dags/wdbc_pipeline.py
[2026-09-20T07:18:05.778+0000] {task_command.py:423} INFO - Running <TaskInstance: wdbc_pipeline.report backfill__2026-08-23T00:00:00+00:00 [queued]> on host 8c4148bdc5f8
[2026-09-20T07:18:07.347+0000] {dagrun.py:795} INFO - Marking run <DagRun wdbc_pipeline @ 2026-08-23 00:00:00+00:00: backfill__2026-08-23T00:00:00+00:00, state:running, queued_at: None. externally triggered: False> successful
[2026-09-20T07:18:07.350+0000] {dagrun.py:846} INFO - DagRun Finished: dag_id=wdbc_pipeline, execution_date=2026-08-23 00:00:00+00:00, run_id=backfill__2026-08-23T00:00:00+00:00, run_start_date=2026-09-20 07:17:12.984925+00:00, run_end_date=2026-09-20 07:18:07.349670+00:00, run_duration=54.364745, state=success, external_trigger=False, run_type=backfill, data_interval_start=2026-08-23 00:00:00+00:00, data_interval_end=2026-08-24 00:00:00+00:00, dag_hash=None
[2026-09-20T07:18:07.351+0000] {backfill_job_runner.py:446} INFO - [backfill progress] | finished run 2 of 3 | tasks waiting: 0 | succeeded: 12 | running: 0 | failed: 0 | skipped: 0 | deadlocked: 0 | not ready: 0
[2026-09-20T07:18:07.356+0000] {backfill_job_runner.py:984} INFO - max_active_runs limit for dag wdbc_pipeline has been reached  - waiting for other dag runs to finish
[2026-09-20T07:18:08.440+0000] {base_executor.py:146} INFO - Adding to queue: ['airflow', 'tasks', 'run', 'wdbc_pipeline', 'ingest', 'backfill__2026-08-24T00:00:00+00:00', '--local', '--pool', 'default_pool', '--subdir', 'DAGS_FOLDER/wdbc_pipeline.py', '--cfg-path', '/tmp/tmpcjstf9za']
[2026-09-20T07:18:08.526+0000] {sequential_executor.py:73} INFO - Executing command: ['airflow', 'tasks', 'run', 'wdbc_pipeline', 'ingest', 'backfill__2026-08-24T00:00:00+00:00', '--local', '--pool', 'default_pool', '--subdir', 'DAGS_FOLDER/wdbc_pipeline.py', '--cfg-path', '/tmp/tmpcjstf9za']
[2026-09-20T07:18:12.786+0000] {dagbag.py:540} INFO - Filling up the DagBag from /opt/airflow/dags/wdbc_pipeline.py
[2026-09-20T07:18:13.687+0000] {task_command.py:423} INFO - Running <TaskInstance: wdbc_pipeline.ingest backfill__2026-08-24T00:00:00+00:00 [queued]> on host 8c4148bdc5f8
[2026-09-20T07:18:15.741+0000] {backfill_job_runner.py:446} INFO - [backfill progress] | finished run 2 of 3 | tasks waiting: 5 | succeeded: 13 | running: 0 | failed: 0 | skipped: 0 | deadlocked: 0 | not ready: 5
[2026-09-20T07:18:15.783+0000] {base_executor.py:146} INFO - Adding to queue: ['airflow', 'tasks', 'run', 'wdbc_pipeline', 'validate', 'backfill__2026-08-24T00:00:00+00:00', '--local', '--pool', 'default_pool', '--subdir', 'DAGS_FOLDER/wdbc_pipeline.py', '--cfg-path', '/tmp/tmp6kto5a76']
[2026-09-20T07:18:15.816+0000] {sequential_executor.py:73} INFO - Executing command: ['airflow', 'tasks', 'run', 'wdbc_pipeline', 'validate', 'backfill__2026-08-24T00:00:00+00:00', '--local', '--pool', 'default_pool', '--subdir', 'DAGS_FOLDER/wdbc_pipeline.py', '--cfg-path', '/tmp/tmp6kto5a76']
[2026-09-20T07:18:18.401+0000] {dagbag.py:540} INFO - Filling up the DagBag from /opt/airflow/dags/wdbc_pipeline.py
[2026-09-20T07:18:18.963+0000] {task_command.py:423} INFO - Running <TaskInstance: wdbc_pipeline.validate backfill__2026-08-24T00:00:00+00:00 [queued]> on host 8c4148bdc5f8
[2026-09-20T07:18:20.586+0000] {backfill_job_runner.py:446} INFO - [backfill progress] | finished run 2 of 3 | tasks waiting: 4 | succeeded: 14 | running: 0 | failed: 0 | skipped: 0 | deadlocked: 0 | not ready: 4
[2026-09-20T07:18:20.634+0000] {base_executor.py:146} INFO - Adding to queue: ['airflow', 'tasks', 'run', 'wdbc_pipeline', 'split', 'backfill__2026-08-24T00:00:00+00:00', '--local', '--pool', 'default_pool', '--subdir', 'DAGS_FOLDER/wdbc_pipeline.py', '--cfg-path', '/tmp/tmpofpn7lu0']
[2026-09-20T07:18:20.824+0000] {sequential_executor.py:73} INFO - Executing command: ['airflow', 'tasks', 'run', 'wdbc_pipeline', 'split', 'backfill__2026-08-24T00:00:00+00:00', '--local', '--pool', 'default_pool', '--subdir', 'DAGS_FOLDER/wdbc_pipeline.py', '--cfg-path', '/tmp/tmpofpn7lu0']
[2026-09-20T07:18:23.366+0000] {dagbag.py:540} INFO - Filling up the DagBag from /opt/airflow/dags/wdbc_pipeline.py
[2026-09-20T07:18:23.957+0000] {task_command.py:423} INFO - Running <TaskInstance: wdbc_pipeline.split backfill__2026-08-24T00:00:00+00:00 [queued]> on host 8c4148bdc5f8
[2026-09-20T07:18:25.220+0000] {backfill_job_runner.py:446} INFO - [backfill progress] | finished run 2 of 3 | tasks waiting: 3 | succeeded: 15 | running: 0 | failed: 0 | skipped: 0 | deadlocked: 0 | not ready: 3
[2026-09-20T07:18:25.241+0000] {base_executor.py:146} INFO - Adding to queue: ['airflow', 'tasks', 'run', 'wdbc_pipeline', 'scale', 'backfill__2026-08-24T00:00:00+00:00', '--local', '--pool', 'default_pool', '--subdir', 'DAGS_FOLDER/wdbc_pipeline.py', '--cfg-path', '/tmp/tmpyiuxvd3l']
[2026-09-20T07:18:25.836+0000] {sequential_executor.py:73} INFO - Executing command: ['airflow', 'tasks', 'run', 'wdbc_pipeline', 'scale', 'backfill__2026-08-24T00:00:00+00:00', '--local', '--pool', 'default_pool', '--subdir', 'DAGS_FOLDER/wdbc_pipeline.py', '--cfg-path', '/tmp/tmpyiuxvd3l']
[2026-09-20T07:18:28.270+0000] {dagbag.py:540} INFO - Filling up the DagBag from /opt/airflow/dags/wdbc_pipeline.py
[2026-09-20T07:18:29.262+0000] {task_command.py:423} INFO - Running <TaskInstance: wdbc_pipeline.scale backfill__2026-08-24T00:00:00+00:00 [queued]> on host 8c4148bdc5f8
[2026-09-20T07:18:31.128+0000] {backfill_job_runner.py:446} INFO - [backfill progress] | finished run 2 of 3 | tasks waiting: 2 | succeeded: 16 | running: 0 | failed: 0 | skipped: 0 | deadlocked: 0 | not ready: 2
[2026-09-20T07:18:31.165+0000] {base_executor.py:146} INFO - Adding to queue: ['airflow', 'tasks', 'run', 'wdbc_pipeline', 'train', 'backfill__2026-08-24T00:00:00+00:00', '--local', '--pool', 'default_pool', '--subdir', 'DAGS_FOLDER/wdbc_pipeline.py', '--cfg-path', '/tmp/tmpxmr5erqm']
[2026-09-20T07:18:31.177+0000] {sequential_executor.py:73} INFO - Executing command: ['airflow', 'tasks', 'run', 'wdbc_pipeline', 'train', 'backfill__2026-08-24T00:00:00+00:00', '--local', '--pool', 'default_pool', '--subdir', 'DAGS_FOLDER/wdbc_pipeline.py', '--cfg-path', '/tmp/tmpxmr5erqm']
[2026-09-20T07:18:34.124+0000] {dagbag.py:540} INFO - Filling up the DagBag from /opt/airflow/dags/wdbc_pipeline.py
[2026-09-20T07:18:35.295+0000] {task_command.py:423} INFO - Running <TaskInstance: wdbc_pipeline.train backfill__2026-08-24T00:00:00+00:00 [queued]> on host 8c4148bdc5f8
[2026-09-20T07:18:46.587+0000] {backfill_job_runner.py:446} INFO - [backfill progress] | finished run 2 of 3 | tasks waiting: 1 | succeeded: 17 | running: 0 | failed: 0 | skipped: 0 | deadlocked: 0 | not ready: 1
[2026-09-20T07:18:46.625+0000] {base_executor.py:146} INFO - Adding to queue: ['airflow', 'tasks', 'run', 'wdbc_pipeline', 'report', 'backfill__2026-08-24T00:00:00+00:00', '--local', '--pool', 'default_pool', '--subdir', 'DAGS_FOLDER/wdbc_pipeline.py', '--cfg-path', '/tmp/tmpzmvi5yab']
[2026-09-20T07:18:46.636+0000] {sequential_executor.py:73} INFO - Executing command: ['airflow', 'tasks', 'run', 'wdbc_pipeline', 'report', 'backfill__2026-08-24T00:00:00+00:00', '--local', '--pool', 'default_pool', '--subdir', 'DAGS_FOLDER/wdbc_pipeline.py', '--cfg-path', '/tmp/tmpzmvi5yab']
[2026-09-20T07:18:48.731+0000] {dagbag.py:540} INFO - Filling up the DagBag from /opt/airflow/dags/wdbc_pipeline.py
[2026-09-20T07:18:49.343+0000] {task_command.py:423} INFO - Running <TaskInstance: wdbc_pipeline.report backfill__2026-08-24T00:00:00+00:00 [queued]> on host 8c4148bdc5f8
[2026-09-20T07:18:50.544+0000] {dagrun.py:795} INFO - Marking run <DagRun wdbc_pipeline @ 2026-08-24 00:00:00+00:00: backfill__2026-08-24T00:00:00+00:00, state:running, queued_at: None. externally triggered: False> successful
[2026-09-20T07:18:50.545+0000] {dagrun.py:846} INFO - DagRun Finished: dag_id=wdbc_pipeline, execution_date=2026-08-24 00:00:00+00:00, run_id=backfill__2026-08-24T00:00:00+00:00, run_start_date=2026-09-20 07:18:08.369806+00:00, run_end_date=2026-09-20 07:18:50.545108+00:00, run_duration=42.175302, state=success, external_trigger=False, run_type=backfill, data_interval_start=2026-08-24 00:00:00+00:00, data_interval_end=2026-08-25 00:00:00+00:00, dag_hash=None
[2026-09-20T07:18:50.548+0000] {backfill_job_runner.py:446} INFO - [backfill progress] | finished run 3 of 3 | tasks waiting: 0 | succeeded: 18 | running: 0 | failed: 0 | skipped: 0 | deadlocked: 0 | not ready: 0
[2026-09-20T07:18:50.551+0000] {backfill_job_runner.py:1007} INFO - Backfill done for DAG <DAG: wdbc_pipeline>. Exiting.
