/home/airflow/.local/lib/python3.11/site-packages/airflow/cli/commands/dag_command.py:134 RemovedInAirflow3Warning: --ignore-first-depends-on-past is deprecated as the value is always set to True
[2026-09-20T07:20:05.801+0000] {dagbag.py:540} INFO - Filling up the DagBag from /opt/airflow/dags
[2026-09-20T07:20:06.250+0000] {executor_loader.py:115} INFO - Loaded executor: SequentialExecutor
[2026-09-20T07:20:06.352+0000] {base_executor.py:146} INFO - Adding to queue: ['airflow', 'tasks', 'run', 'wdbc_pipeline', 'ingest', 'backfill__2026-08-26T00:00:00+00:00', '--depends-on-past', 'ignore', '--local', '--pool', 'default_pool', '--subdir', 'DAGS_FOLDER/wdbc_pipeline.py', '--cfg-path', '/tmp/tmpldly37kt']
[2026-09-20T07:20:11.260+0000] {sequential_executor.py:73} INFO - Executing command: ['airflow', 'tasks', 'run', 'wdbc_pipeline', 'ingest', 'backfill__2026-08-26T00:00:00+00:00', '--depends-on-past', 'ignore', '--local', '--pool', 'default_pool', '--subdir', 'DAGS_FOLDER/wdbc_pipeline.py', '--cfg-path', '/tmp/tmpldly37kt']
[2026-09-20T07:20:13.092+0000] {dagbag.py:540} INFO - Filling up the DagBag from /opt/airflow/dags/wdbc_pipeline.py
[2026-09-20T07:20:14.017+0000] {task_command.py:423} INFO - Running <TaskInstance: wdbc_pipeline.ingest backfill__2026-08-26T00:00:00+00:00 [queued]> on host 8c4148bdc5f8
[2026-09-20T07:20:15.937+0000] {backfill_job_runner.py:446} INFO - [backfill progress] | finished run 0 of 1 | tasks waiting: 5 | succeeded: 1 | running: 0 | failed: 0 | skipped: 0 | deadlocked: 0 | not ready: 5
[2026-09-20T07:20:16.004+0000] {base_executor.py:146} INFO - Adding to queue: ['airflow', 'tasks', 'run', 'wdbc_pipeline', 'validate', 'backfill__2026-08-26T00:00:00+00:00', '--depends-on-past', 'ignore', '--local', '--pool', 'default_pool', '--subdir', 'DAGS_FOLDER/wdbc_pipeline.py', '--cfg-path', '/tmp/tmpsvmah16c']
[2026-09-20T07:20:16.265+0000] {sequential_executor.py:73} INFO - Executing command: ['airflow', 'tasks', 'run', 'wdbc_pipeline', 'validate', 'backfill__2026-08-26T00:00:00+00:00', '--depends-on-past', 'ignore', '--local', '--pool', 'default_pool', '--subdir', 'DAGS_FOLDER/wdbc_pipeline.py', '--cfg-path', '/tmp/tmpsvmah16c']
[2026-09-20T07:20:19.018+0000] {dagbag.py:540} INFO - Filling up the DagBag from /opt/airflow/dags/wdbc_pipeline.py
[2026-09-20T07:20:19.627+0000] {task_command.py:423} INFO - Running <TaskInstance: wdbc_pipeline.validate backfill__2026-08-26T00:00:00+00:00 [queued]> on host 8c4148bdc5f8
[2026-09-20T07:20:20.692+0000] {backfill_job_runner.py:207} ERROR - Task instance <TaskInstance: wdbc_pipeline.validate backfill__2026-08-26T00:00:00+00:00 [failed]> failed
[2026-09-20T07:20:20.700+0000] {backfill_job_runner.py:446} INFO - [backfill progress] | finished run 0 of 1 | tasks waiting: 4 | succeeded: 1 | running: 0 | failed: 1 | skipped: 0 | deadlocked: 0 | not ready: 4
[2026-09-20T07:20:20.711+0000] {backfill_job_runner.py:534} ERROR - Task instance <TaskInstance: wdbc_pipeline.split backfill__2026-08-26T00:00:00+00:00 [upstream_failed]> with state upstream_failed
[2026-09-20T07:20:20.718+0000] {backfill_job_runner.py:534} ERROR - Task instance <TaskInstance: wdbc_pipeline.scale backfill__2026-08-26T00:00:00+00:00 [upstream_failed]> with state upstream_failed
[2026-09-20T07:20:20.727+0000] {backfill_job_runner.py:534} ERROR - Task instance <TaskInstance: wdbc_pipeline.train backfill__2026-08-26T00:00:00+00:00 [upstream_failed]> with state upstream_failed
[2026-09-20T07:20:20.732+0000] {backfill_job_runner.py:534} ERROR - Task instance <TaskInstance: wdbc_pipeline.report backfill__2026-08-26T00:00:00+00:00 [upstream_failed]> with state upstream_failed
[2026-09-20T07:20:21.271+0000] {dagrun.py:774} ERROR - Marking run <DagRun wdbc_pipeline @ 2026-08-26 00:00:00+00:00: backfill__2026-08-26T00:00:00+00:00, state:running, queued_at: None. externally triggered: False> failed
[2026-09-20T07:20:21.272+0000] {dagrun.py:846} INFO - DagRun Finished: dag_id=wdbc_pipeline, execution_date=2026-08-26 00:00:00+00:00, run_id=backfill__2026-08-26T00:00:00+00:00, run_start_date=2026-09-20 07:20:06.300243+00:00, run_end_date=2026-09-20 07:20:21.272086+00:00, run_duration=14.971843, state=failed, external_trigger=False, run_type=backfill, data_interval_start=2026-08-26 00:00:00+00:00, data_interval_end=2026-08-27 00:00:00+00:00, dag_hash=None
[2026-09-20T07:20:21.273+0000] {backfill_job_runner.py:446} INFO - [backfill progress] | finished run 1 of 1 | tasks waiting: 0 | succeeded: 1 | running: 0 | failed: 5 | skipped: 0 | deadlocked: 0 | not ready: 0
Traceback (most recent call last):
  File "/home/airflow/.local/bin/airflow", line 8, in <module>
    sys.exit(main())
             ^^^^^^
  File "/home/airflow/.local/lib/python3.11/site-packages/airflow/__main__.py", line 57, in main
    args.func(args)
  File "/home/airflow/.local/lib/python3.11/site-packages/airflow/cli/cli_config.py", line 49, in command
    return func(*args, **kwargs)
           ^^^^^^^^^^^^^^^^^^^^^
  File "/home/airflow/.local/lib/python3.11/site-packages/airflow/utils/cli.py", line 114, in wrapper
    return f(*args, **kwargs)
           ^^^^^^^^^^^^^^^^^^
  File "/home/airflow/.local/lib/python3.11/site-packages/airflow/utils/providers_configuration_loader.py", line 55, in wrapped_function
    return func(*args, **kwargs)
           ^^^^^^^^^^^^^^^^^^^^^
  File "/home/airflow/.local/lib/python3.11/site-packages/airflow/cli/commands/dag_command.py", line 154, in dag_backfill
    _run_dag_backfill(dags, args)
  File "/home/airflow/.local/lib/python3.11/site-packages/airflow/cli/commands/dag_command.py", line 106, in _run_dag_backfill
    dag.run(
  File "/home/airflow/.local/lib/python3.11/site-packages/airflow/models/dag.py", line 2789, in run
    run_job(job=job, execute_callable=job_runner._execute)
  File "/home/airflow/.local/lib/python3.11/site-packages/airflow/utils/session.py", line 79, in wrapper
    return func(*args, session=session, **kwargs)
           ^^^^^^^^^^^^^^^^^^^^^^^^^^^^^^^^^^^^^^
  File "/home/airflow/.local/lib/python3.11/site-packages/airflow/jobs/job.py", line 395, in run_job
    return execute_job(job, execute_callable=execute_callable)
           ^^^^^^^^^^^^^^^^^^^^^^^^^^^^^^^^^^^^^^^^^^^^^^^^^^^
  File "/home/airflow/.local/lib/python3.11/site-packages/airflow/jobs/job.py", line 424, in execute_job
    ret = execute_callable()
          ^^^^^^^^^^^^^^^^^^
  File "/home/airflow/.local/lib/python3.11/site-packages/airflow/utils/session.py", line 79, in wrapper
    return func(*args, session=session, **kwargs)
           ^^^^^^^^^^^^^^^^^^^^^^^^^^^^^^^^^^^^^^
  File "/home/airflow/.local/lib/python3.11/site-packages/airflow/jobs/backfill_job_runner.py", line 981, in _execute
    raise BackfillUnfinished(err, ti_status)
airflow.exceptions.BackfillUnfinished: Some task instances failed:
DAG ID         Task ID    Run ID                                 Try number
-------------  ---------  -----------------------------------  ------------
wdbc_pipeline  report     backfill__2026-08-26T00:00:00+00:00             1
wdbc_pipeline  scale      backfill__2026-08-26T00:00:00+00:00             1
wdbc_pipeline  split      backfill__2026-08-26T00:00:00+00:00             1
wdbc_pipeline  train      backfill__2026-08-26T00:00:00+00:00             1
wdbc_pipeline  validate   backfill__2026-08-26T00:00:00+00:00             1
